ab
Hello world, howdy?
Hello world. Don't shoot!
${a} = "hello ${b} = world"
Hello World!
Hello
 World
No more network devices

Press Ctrl-B for the gPXE command line...                                         
